#-----------------------------------------------------------
# Vivado v2021.1 (64-bit)
# SW Build 3247384 on Thu Jun 10 19:36:33 MDT 2021
# IP Build 3246043 on Fri Jun 11 00:30:35 MDT 2021
# Start of session at: Thu Nov 18 20:45:19 2021
# Process ID: 23216
# Current directory: C:/Users/brandon.hahn/ee324_game_vivado_school_computer/ee324_game_vivado_school_computer.runs/brandonBlockDesign_hdmi_tx_0_0_synth_1
# Command line: vivado.exe -log brandonBlockDesign_hdmi_tx_0_0.vds -product Vivado -mode batch -messageDb vivado.pb -notrace -source brandonBlockDesign_hdmi_tx_0_0.tcl
# Log file: C:/Users/brandon.hahn/ee324_game_vivado_school_computer/ee324_game_vivado_school_computer.runs/brandonBlockDesign_hdmi_tx_0_0_synth_1/brandonBlockDesign_hdmi_tx_0_0.vds
# Journal file: C:/Users/brandon.hahn/ee324_game_vivado_school_computer/ee324_game_vivado_school_computer.runs/brandonBlockDesign_hdmi_tx_0_0_synth_1\vivado.jou
#-----------------------------------------------------------
source brandonBlockDesign_hdmi_tx_0_0.tcl -notrace
